mvn : WARNING: A restricted method in java.lang.System has been called
At line:1 char:1
+ mvn compile 2>&1 > compile_output.txt ; type compile_output.txt | fin ...
+ ~~~~~~~~~~~~~~~~~~~~~~~~~~~~~~~~~~~~~
    + CategoryInfo          : NotSpecified: (WARNING: A rest...has been called 
   :String) [], RemoteException
    + FullyQualifiedErrorId : NativeCommandError
 
WARNING: java.lang.System::load has been called by 
org.fusesource.jansi.internal.JansiLoader in an unnamed module 
(file:/C:/Program%20Files/Maven/apache-maven-3.9.9/lib/jansi-2.4.1.jar)
WARNING: Use --enable-native-access=ALL-UNNAMED to avoid a warning for callers 
in this module
WARNING: Restricted methods will be blocked in a future release unless native 
access is enabled

WARNING: A terminally deprecated method in sun.misc.Unsafe has been called
WARNING: sun.misc.Unsafe::objectFieldOffset has been called by 
com.google.common.util.concurrent.AbstractFuture$UnsafeAtomicHelper 
(file:/C:/Program%20Files/Maven/apache-maven-3.9.9/lib/guava-33.2.1-jre.jar)
WARNING: Please consider reporting this to the maintainers of class 
com.google.common.util.concurrent.AbstractFuture$UnsafeAtomicHelper
WARNING: sun.misc.Unsafe::objectFieldOffset will be removed in a future release
[INFO] Scanning for projects...
[INFO] 
[INFO] --------------------------< com.example:demo >--------------------------
[INFO] Building demo 0.0.1-SNAPSHOT
[INFO]   from pom.xml
[INFO] --------------------------------[ jar ]---------------------------------
[INFO] 
[INFO] --- resources:3.3.1:resources (default-resources) @ demo ---
[INFO] Copying 2 resources from src\main\resources to target\classes
[INFO] Copying 0 resource from src\main\resources to target\classes
[INFO] 
[INFO] --- compiler:3.14.1:compile (default-compile) @ demo ---
[INFO] Recompiling the module because of changed source code.
[INFO] Compiling 147 source files with javac [debug parameters release 25] to target\classes
[INFO] /C:/Users/tonyq/HotelBookingSystem/demo/src/main/java/com/example/demo/Booking/servicesBooking/BookingService.java: C:\Users\tonyq\HotelBookingSystem\demo\src\main\java\com\example\demo\Booking\servicesBooking\BookingService.java uses or overrides a deprecated API.
[INFO] /C:/Users/tonyq/HotelBookingSystem/demo/src/main/java/com/example/demo/Booking/servicesBooking/BookingService.java: Recompile with -Xlint:deprecation for details.
[INFO] -------------------------------------------------------------
[ERROR] COMPILATION ERROR : 
[INFO] -------------------------------------------------------------
[ERROR] /C:/Users/tonyq/HotelBookingSystem/demo/src/main/java/com/example/demo/catalog/controller/HotelController.java:[464,5] org.springframework.security.access.prepost.PreAuthorize is not a repeatable annotation interface
[ERROR] /C:/Users/tonyq/HotelBookingSystem/demo/src/main/java/com/example/demo/catalog/controller/HotelController.java:[465,9] io.swagger.v3.oas.annotations.Operation is not a repeatable annotation interface
[ERROR] /C:/Users/tonyq/HotelBookingSystem/demo/src/main/java/com/example/demo/catalog/controller/HotelController.java:[467,9] io.swagger.v3.oas.annotations.responses.ApiResponses is not a repeatable annotation interface
[ERROR] /C:/Users/tonyq/HotelBookingSystem/demo/src/main/java/com/example/demo/Booking/bookingMapper/BookingMapper.java:[22,67] cannot find symbol
  symbol:   method getCheckInDate()
  location: variable b of type com.example.demo.Booking.entityBooking.Booking
[ERROR] /C:/Users/tonyq/HotelBookingSystem/demo/src/main/java/com/example/demo/Booking/bookingMapper/BookingMapper.java:[27,18] cannot find symbol
  symbol:   method getId()
  location: variable b of type com.example.demo.Booking.entityBooking.Booking
[ERROR] /C:/Users/tonyq/HotelBookingSystem/demo/src/main/java/com/example/demo/Booking/bookingMapper/BookingMapper.java:[28,23] cannot find symbol
  symbol:   method getGuest()
  location: variable b of type com.example.demo.Booking.entityBooking.Booking
[ERROR] /C:/Users/tonyq/HotelBookingSystem/demo/src/main/java/com/example/demo/Booking/bookingMapper/BookingMapper.java:[29,25] cannot find symbol
  symbol:   method getGuest()
  location: variable b of type com.example.demo.Booking.entityBooking.Booking
[ERROR] /C:/Users/tonyq/HotelBookingSystem/demo/src/main/java/com/example/demo/Booking/bookingMapper/BookingMapper.java:[30,26] cannot find symbol
  symbol:   method getGuest()
  location: variable b of type com.example.demo.Booking.entityBooking.Booking
[ERROR] /C:/Users/tonyq/HotelBookingSystem/demo/src/main/java/com/example/demo/Booking/bookingMapper/BookingMapper.java:[33,23] cannot find symbol
  symbol:   method getHotel()
  location: variable b of type com.example.demo.Booking.entityBooking.Booking
[ERROR] /C:/Users/tonyq/HotelBookingSystem/demo/src/main/java/com/example/demo/Booking/bookingMapper/BookingMapper.java:[34,25] cannot find symbol
  symbol:   method getHotel()
  location: variable b of type com.example.demo.Booking.entityBooking.Booking
[ERROR] /C:/Users/tonyq/HotelBookingSystem/demo/src/main/java/com/example/demo/Booking/bookingMapper/BookingMapper.java:[35,25] cannot find symbol
  symbol:   method getHotel()
  location: variable b of type com.example.demo.Booking.entityBooking.Booking
[ERROR] /C:/Users/tonyq/HotelBookingSystem/demo/src/main/java/com/example/demo/Booking/bookingMapper/BookingMapper.java:[36,28] cannot find symbol
  symbol:   method getHotel()
  location: variable b of type com.example.demo.Booking.entityBooking.Booking
[ERROR] /C:/Users/tonyq/HotelBookingSystem/demo/src/main/java/com/example/demo/Booking/bookingMapper/BookingMapper.java:[37,28] cannot find symbol
  symbol:   method getHotel()
  location: variable b of type com.example.demo.Booking.entityBooking.Booking
[ERROR] /C:/Users/tonyq/HotelBookingSystem/demo/src/main/java/com/example/demo/Booking/bookingMapper/BookingMapper.java:[40,22] cannot find symbol
  symbol:   method getRoom()
  location: variable b of type com.example.demo.Booking.entityBooking.Booking
[ERROR] /C:/Users/tonyq/HotelBookingSystem/demo/src/main/java/com/example/demo/Booking/bookingMapper/BookingMapper.java:[41,24] cannot find symbol
  symbol:   method getRoom()
  location: variable b of type com.example.demo.Booking.entityBooking.Booking
[ERROR] /C:/Users/tonyq/HotelBookingSystem/demo/src/main/java/com/example/demo/Booking/bookingMapper/BookingMapper.java:[42,28] cannot find symbol
  symbol:   method getRoom()
  location: variable b of type com.example.demo.Booking.entityBooking.Booking
[ERROR] /C:/Users/tonyq/HotelBookingSystem/demo/src/main/java/com/example/demo/Booking/bookingMapper/BookingMapper.java:[45,30] cannot find symbol
  symbol:   method getNumberOfGuests()
  location: variable b of type com.example.demo.Booking.entityBooking.Booking
[ERROR] /C:/Users/tonyq/HotelBookingSystem/demo/src/main/java/com/example/demo/Booking/bookingMapper/BookingMapper.java:[46,27] cannot find symbol
  symbol:   method getCheckInDate()
  location: variable b of type com.example.demo.Booking.entityBooking.Booking
[ERROR] /C:/Users/tonyq/HotelBookingSystem/demo/src/main/java/com/example/demo/Booking/bookingMapper/BookingMapper.java:[47,28] cannot find symbol
  symbol:   method getCheckOutDate()
  location: variable b of type com.example.demo.Booking.entityBooking.Booking
[ERROR] /C:/Users/tonyq/HotelBookingSystem/demo/src/main/java/com/example/demo/Booking/bookingMapper/BookingMapper.java:[48,10] cannot find symbol
  symbol:   method setNights(long)
  location: variable r of type com.example.demo.Booking.dtoBooking.Booking.BookingResponse
[ERROR] /C:/Users/tonyq/HotelBookingSystem/demo/src/main/java/com/example/demo/Booking/bookingMapper/BookingMapper.java:[51,27] cannot find symbol
  symbol:   method getTotalAmount()
  location: variable b of type com.example.demo.Booking.entityBooking.Booking
[ERROR] /C:/Users/tonyq/HotelBookingSystem/demo/src/main/java/com/example/demo/Booking/bookingMapper/BookingMapper.java:[53,18] cannot find symbol
  symbol:   method getTotalAmount()
  location: variable b of type com.example.demo.Booking.entityBooking.Booking
[ERROR] /C:/Users/tonyq/HotelBookingSystem/demo/src/main/java/com/example/demo/Booking/bookingMapper/BookingMapper.java:[60,22] cannot find symbol
  symbol:   method getStatus()
  location: variable b of type com.example.demo.Booking.entityBooking.Booking
[ERROR] /C:/Users/tonyq/HotelBookingSystem/demo/src/main/java/com/example/demo/Booking/bookingMapper/BookingMapper.java:[61,34] cannot find symbol
  symbol:   method getCancellationReason()
  location: variable b of type com.example.demo.Booking.entityBooking.Booking
[ERROR] /C:/Users/tonyq/HotelBookingSystem/demo/src/main/java/com/example/demo/Booking/bookingMapper/BookingMapper.java:[64,26] cannot find symbol
  symbol:   method getAmountPaid()
  location: variable b of type com.example.demo.Booking.entityBooking.Booking
[ERROR] /C:/Users/tonyq/HotelBookingSystem/demo/src/main/java/com/example/demo/Booking/bookingMapper/BookingMapper.java:[65,10] cannot find symbol
  symbol:   method setRemainingBalance(java.math.BigDecimal)
  location: variable r of type com.example.demo.Booking.dtoBooking.Booking.BookingResponse
[ERROR] /C:/Users/tonyq/HotelBookingSystem/demo/src/main/java/com/example/demo/Booking/bookingMapper/BookingMapper.java:[66,10] cannot find symbol
  symbol:   method setMinimumRequiredPayment(java.math.BigDecimal)
  location: variable r of type com.example.demo.Booking.dtoBooking.Booking.BookingResponse
[ERROR] /C:/Users/tonyq/HotelBookingSystem/demo/src/main/java/com/example/demo/Booking/bookingMapper/BookingMapper.java:[67,31] cannot find symbol
  symbol:   method getPaymentDeadline()
  location: variable b of type com.example.demo.Booking.entityBooking.Booking
[ERROR] /C:/Users/tonyq/HotelBookingSystem/demo/src/main/java/com/example/demo/Booking/bookingMapper/BookingMapper.java:[70,10] cannot find symbol
  symbol:   method setRefundPolicy(java.lang.String)
  location: variable r of type com.example.demo.Booking.dtoBooking.Booking.BookingResponse
[ERROR] /C:/Users/tonyq/HotelBookingSystem/demo/src/main/java/com/example/demo/Booking/bookingMapper/BookingMapper.java:[71,10] cannot find symbol
  symbol:   method setRefundPercentage(int)
  location: variable r of type com.example.demo.Booking.dtoBooking.Booking.BookingResponse
[ERROR] /C:/Users/tonyq/HotelBookingSystem/demo/src/main/java/com/example/demo/Booking/bookingMapper/BookingMapper.java:[73,25] cannot find symbol
  symbol:   method getCreatedAt()
  location: variable b of type com.example.demo.Booking.entityBooking.Booking
[ERROR] /C:/Users/tonyq/HotelBookingSystem/demo/src/main/java/com/example/demo/Booking/bookingMapper/BookingMapper.java:[74,25] cannot find symbol
  symbol:   method getUpdatedAt()
  location: variable b of type com.example.demo.Booking.entityBooking.Booking
[ERROR] /C:/Users/tonyq/HotelBookingSystem/demo/src/main/java/com/example/demo/Booking/bookingMapper/BookingMapper.java:[83,18] cannot find symbol
  symbol:   method getId()
  location: variable b of type com.example.demo.Booking.entityBooking.Booking
[ERROR] /C:/Users/tonyq/HotelBookingSystem/demo/src/main/java/com/example/demo/Booking/bookingMapper/BookingMapper.java:[84,25] cannot find symbol
  symbol:   method getGuest()
  location: variable b of type com.example.demo.Booking.entityBooking.Booking
[ERROR] /C:/Users/tonyq/HotelBookingSystem/demo/src/main/java/com/example/demo/Booking/bookingMapper/BookingMapper.java:[87,25] cannot find symbol
  symbol:   method getHotel()
  location: variable b of type com.example.demo.Booking.entityBooking.Booking
[ERROR] /C:/Users/tonyq/HotelBookingSystem/demo/src/main/java/com/example/demo/Booking/bookingMapper/BookingMapper.java:[88,25] cannot find symbol
  symbol:   method getHotel()
  location: variable b of type com.example.demo.Booking.entityBooking.Booking
[ERROR] /C:/Users/tonyq/HotelBookingSystem/demo/src/main/java/com/example/demo/Booking/bookingMapper/BookingMapper.java:[89,28] cannot find symbol
  symbol:   method getHotel()
  location: variable b of type com.example.demo.Booking.entityBooking.Booking
[ERROR] /C:/Users/tonyq/HotelBookingSystem/demo/src/main/java/com/example/demo/Booking/bookingMapper/BookingMapper.java:[92,24] cannot find symbol
  symbol:   method getRoom()
  location: variable b of type com.example.demo.Booking.entityBooking.Booking
[ERROR] /C:/Users/tonyq/HotelBookingSystem/demo/src/main/java/com/example/demo/Booking/bookingMapper/BookingMapper.java:[93,30] cannot find symbol
  symbol:   method getNumberOfGuests()
  location: variable b of type com.example.demo.Booking.entityBooking.Booking
[ERROR] /C:/Users/tonyq/HotelBookingSystem/demo/src/main/java/com/example/demo/Booking/bookingMapper/BookingMapper.java:[96,27] cannot find symbol
  symbol:   method getCheckInDate()
  location: variable b of type com.example.demo.Booking.entityBooking.Booking
[ERROR] /C:/Users/tonyq/HotelBookingSystem/demo/src/main/java/com/example/demo/Booking/bookingMapper/BookingMapper.java:[97,28] cannot find symbol
  symbol:   method getCheckOutDate()
  location: variable b of type com.example.demo.Booking.entityBooking.Booking
[ERROR] /C:/Users/tonyq/HotelBookingSystem/demo/src/main/java/com/example/demo/Booking/bookingMapper/BookingMapper.java:[98,10] cannot find symbol
  symbol:   method setNights(long)
  location: variable s of type com.example.demo.Booking.dtoBooking.Booking.BookingSummary
[ERROR] /C:/Users/tonyq/HotelBookingSystem/demo/src/main/java/com/example/demo/Booking/bookingMapper/BookingMapper.java:[99,27] cannot find symbol
  symbol:   method getTotalAmount()
  location: variable b of type com.example.demo.Booking.entityBooking.Booking
[ERROR] /C:/Users/tonyq/HotelBookingSystem/demo/src/main/java/com/example/demo/Booking/bookingMapper/BookingMapper.java:[100,26] cannot find symbol
  symbol:   method getAmountPaid()
  location: variable b of type com.example.demo.Booking.entityBooking.Booking
[ERROR] /C:/Users/tonyq/HotelBookingSystem/demo/src/main/java/com/example/demo/Booking/bookingMapper/BookingMapper.java:[101,10] cannot find symbol
  symbol:   method setRemainingBalance(java.math.BigDecimal)
  location: variable s of type com.example.demo.Booking.dtoBooking.Booking.BookingSummary
[ERROR] /C:/Users/tonyq/HotelBookingSystem/demo/src/main/java/com/example/demo/Booking/bookingMapper/BookingMapper.java:[102,22] cannot find symbol
  symbol:   method getStatus()
  location: variable b of type com.example.demo.Booking.entityBooking.Booking
[ERROR] /C:/Users/tonyq/HotelBookingSystem/demo/src/main/java/com/example/demo/Booking/bookingMapper/BookingMapper.java:[103,31] cannot find symbol
  symbol:   method getPaymentDeadline()
  location: variable b of type com.example.demo.Booking.entityBooking.Booking
[ERROR] /C:/Users/tonyq/HotelBookingSystem/demo/src/main/java/com/example/demo/Booking/bookingMapper/BookingMapper.java:[104,25] cannot find symbol
  symbol:   method getCreatedAt()
  location: variable b of type com.example.demo.Booking.entityBooking.Booking
[ERROR] /C:/Users/tonyq/HotelBookingSystem/demo/src/main/java/com/example/demo/Booking/servicesBooking/PricingService.java:[51,25] cannot find symbol
  symbol:   method getType()
  location: variable rule of type com.example.demo.Booking.entityBooking.PricingRule
[ERROR] /C:/Users/tonyq/HotelBookingSystem/demo/src/main/java/com/example/demo/Booking/servicesBooking/PricingService.java:[53,84] cannot find symbol
  symbol:   method getMonths()
  location: variable rule of type com.example.demo.Booking.entityBooking.PricingRule
[ERROR] /C:/Users/tonyq/HotelBookingSystem/demo/src/main/java/com/example/demo/Booking/servicesBooking/PricingService.java:[55,74] cannot find symbol
  symbol:   method getMonths()
  location: variable rule of type com.example.demo.Booking.entityBooking.PricingRule
[ERROR] /C:/Users/tonyq/HotelBookingSystem/demo/src/main/java/com/example/demo/Booking/servicesBooking/PricingService.java:[56,29] cannot find symbol
  symbol:   method getMonths()
  location: variable rule of type com.example.demo.Booking.entityBooking.PricingRule
[ERROR] /C:/Users/tonyq/HotelBookingSystem/demo/src/main/java/com/example/demo/Booking/servicesBooking/PricingService.java:[57,62] cannot find symbol
  symbol:   method getMultiplier()
  location: variable rule of type com.example.demo.Booking.entityBooking.PricingRule
[ERROR] /C:/Users/tonyq/HotelBookingSystem/demo/src/main/java/com/example/demo/Booking/servicesBooking/PricingService.java:[61,25] cannot find symbol
  symbol:   method getType()
  location: variable rule of type com.example.demo.Booking.entityBooking.PricingRule
[ERROR] /C:/Users/tonyq/HotelBookingSystem/demo/src/main/java/com/example/demo/Booking/servicesBooking/PricingService.java:[63,79] cannot find symbol
  symbol:   method getDays()
  location: variable rule of type com.example.demo.Booking.entityBooking.PricingRule
[ERROR] /C:/Users/tonyq/HotelBookingSystem/demo/src/main/java/com/example/demo/Booking/servicesBooking/PricingService.java:[66,70] cannot find symbol
  symbol:   method getDays()
  location: variable rule of type com.example.demo.Booking.entityBooking.PricingRule
[ERROR] /C:/Users/tonyq/HotelBookingSystem/demo/src/main/java/com/example/demo/Booking/servicesBooking/PricingService.java:[67,29] cannot find symbol
  symbol:   method getDays()
  location: variable rule of type com.example.demo.Booking.entityBooking.PricingRule
[ERROR] /C:/Users/tonyq/HotelBookingSystem/demo/src/main/java/com/example/demo/Booking/servicesBooking/PricingService.java:[68,62] cannot find symbol
  symbol:   method getMultiplier()
  location: variable rule of type com.example.demo.Booking.entityBooking.PricingRule
[ERROR] /C:/Users/tonyq/HotelBookingSystem/demo/src/main/java/com/example/demo/auth/entity/HotelRole.java:[38,19] cannot find symbol
  symbol:   method getHotelRoles()
  location: variable permission of type com.example.demo.auth.entity.HotelPermission
[ERROR] /C:/Users/tonyq/HotelBookingSystem/demo/src/main/java/com/example/demo/auth/entity/Role.java:[54,23] cannot find symbol
  symbol:   method getRoles()
  location: variable permission of type com.example.demo.auth.entity.Permission
[ERROR] /C:/Users/tonyq/HotelBookingSystem/demo/src/main/java/com/example/demo/auth/entity/Role.java:[61,19] cannot find symbol
  symbol:   method getRoles()
  location: variable permission of type com.example.demo.auth.entity.Permission
[ERROR] /C:/Users/tonyq/HotelBookingSystem/demo/src/main/java/com/example/demo/Booking/bookingMapper/PricingRuleMapper.java:[18,21] cannot find symbol
  symbol:   method getId()
  location: variable rule of type com.example.demo.Booking.entityBooking.PricingRule
[ERROR] /C:/Users/tonyq/HotelBookingSystem/demo/src/main/java/com/example/demo/Booking/bookingMapper/PricingRuleMapper.java:[19,21] cannot find symbol
  symbol:   method getType()
  location: variable rule of type com.example.demo.Booking.entityBooking.PricingRule
[ERROR] /C:/Users/tonyq/HotelBookingSystem/demo/src/main/java/com/example/demo/Booking/bookingMapper/PricingRuleMapper.java:[20,21] cannot find symbol
  symbol:   method getName()
  location: variable rule of type com.example.demo.Booking.entityBooking.PricingRule
[ERROR] /C:/Users/tonyq/HotelBookingSystem/demo/src/main/java/com/example/demo/Booking/bookingMapper/PricingRuleMapper.java:[21,21] cannot find symbol
  symbol:   method getMultiplier()
  location: variable rule of type com.example.demo.Booking.entityBooking.PricingRule
[ERROR] /C:/Users/tonyq/HotelBookingSystem/demo/src/main/java/com/example/demo/Booking/controllerBooking/BookingController.java:[155,15] cannot find symbol
  symbol:   method setStatus(com.example.demo.Booking.entityBooking.BookingStatus)
  location: variable filter of type com.example.demo.Booking.filterBooking.BookingFilterRequest
[ERROR] /C:/Users/tonyq/HotelBookingSystem/demo/src/main/java/com/example/demo/Booking/controllerBooking/BookingController.java:[156,15] cannot find symbol
  symbol:   method setGuestId(java.lang.Long)
  location: variable filter of type com.example.demo.Booking.filterBooking.BookingFilterRequest
[ERROR] /C:/Users/tonyq/HotelBookingSystem/demo/src/main/java/com/example/demo/Booking/controllerBooking/BookingController.java:[157,15] cannot find symbol
  symbol:   method setHotelId(java.lang.Long)
  location: variable filter of type com.example.demo.Booking.filterBooking.BookingFilterRequest
[ERROR] /C:/Users/tonyq/HotelBookingSystem/demo/src/main/java/com/example/demo/Booking/controllerBooking/BookingController.java:[158,15] cannot find symbol
  symbol:   method setRoomId(java.lang.Long)
  location: variable filter of type com.example.demo.Booking.filterBooking.BookingFilterRequest
[ERROR] /C:/Users/tonyq/HotelBookingSystem/demo/src/main/java/com/example/demo/Booking/controllerBooking/BookingController.java:[159,15] cannot find symbol
  symbol:   method setCheckInFrom(java.time.LocalDate)
  location: variable filter of type com.example.demo.Booking.filterBooking.BookingFilterRequest
[ERROR] /C:/Users/tonyq/HotelBookingSystem/demo/src/main/java/com/example/demo/Booking/controllerBooking/BookingController.java:[160,15] cannot find symbol
  symbol:   method setCheckInTo(java.time.LocalDate)
  location: variable filter of type com.example.demo.Booking.filterBooking.BookingFilterRequest
[ERROR] /C:/Users/tonyq/HotelBookingSystem/demo/src/main/java/com/example/demo/Booking/controllerBooking/BookingController.java:[161,15] cannot find symbol
  symbol:   method setCheckOutFrom(java.time.LocalDate)
  location: variable filter of type com.example.demo.Booking.filterBooking.BookingFilterRequest
[ERROR] /C:/Users/tonyq/HotelBookingSystem/demo/src/main/java/com/example/demo/Booking/controllerBooking/BookingController.java:[162,15] cannot find symbol
  symbol:   method setCheckOutTo(java.time.LocalDate)
  location: variable filter of type com.example.demo.Booking.filterBooking.BookingFilterRequest
[ERROR] /C:/Users/tonyq/HotelBookingSystem/demo/src/main/java/com/example/demo/Booking/controllerBooking/BookingController.java:[163,15] cannot find symbol
  symbol:   method setMinAmount(java.math.BigDecimal)
  location: variable filter of type com.example.demo.Booking.filterBooking.BookingFilterRequest
[ERROR] /C:/Users/tonyq/HotelBookingSystem/demo/src/main/java/com/example/demo/Booking/controllerBooking/BookingController.java:[164,15] cannot find symbol
  symbol:   method setMaxAmount(java.math.BigDecimal)
  location: variable filter of type com.example.demo.Booking.filterBooking.BookingFilterRequest
[ERROR] /C:/Users/tonyq/HotelBookingSystem/demo/src/main/java/com/example/demo/Booking/servicesBooking/BookingService.java:[66,9] cannot find symbol
  symbol:   variable log
  location: class com.example.demo.Booking.servicesBooking.BookingService
[ERROR] /C:/Users/tonyq/HotelBookingSystem/demo/src/main/java/com/example/demo/Booking/servicesBooking/BookingService.java:[66,66] cannot find symbol
  symbol:   method getGuestId()
  location: variable request of type com.example.demo.Booking.dtoBooking.Booking.CreateBookingRequest
[ERROR] /C:/Users/tonyq/HotelBookingSystem/demo/src/main/java/com/example/demo/Booking/servicesBooking/BookingService.java:[66,88] cannot find symbol
  symbol:   method getRoomId()
  location: variable request of type com.example.demo.Booking.dtoBooking.Booking.CreateBookingRequest
[ERROR] /C:/Users/tonyq/HotelBookingSystem/demo/src/main/java/com/example/demo/Booking/servicesBooking/BookingService.java:[68,61] cannot find symbol
  symbol:   method getGuestId()
  location: variable request of type com.example.demo.Booking.dtoBooking.Booking.CreateBookingRequest
[ERROR] /C:/Users/tonyq/HotelBookingSystem/demo/src/main/java/com/example/demo/Booking/servicesBooking/BookingService.java:[71,52] cannot find symbol
  symbol:   method getRoomId()
  location: variable request of type com.example.demo.Booking.dtoBooking.Booking.CreateBookingRequest
[ERROR] /C:/Users/tonyq/HotelBookingSystem/demo/src/main/java/com/example/demo/Booking/servicesBooking/BookingService.java:[74,38] cannot find symbol
  symbol:   method getIsActive()
  location: variable room of type com.example.demo.catalog.entity.Room
[ERROR] /C:/Users/tonyq/HotelBookingSystem/demo/src/main/java/com/example/demo/Booking/servicesBooking/BookingService.java:[74,82] cannot find symbol
  symbol:   method getHotel()
  location: variable room of type com.example.demo.catalog.entity.Room
[ERROR] /C:/Users/tonyq/HotelBookingSystem/demo/src/main/java/com/example/demo/Booking/servicesBooking/BookingService.java:[78,30] cannot find symbol
  symbol:   method getCheckInDate()
  location: variable request of type com.example.demo.Booking.dtoBooking.Booking.CreateBookingRequest
[ERROR] /C:/Users/tonyq/HotelBookingSystem/demo/src/main/java/com/example/demo/Booking/servicesBooking/BookingService.java:[78,56] cannot find symbol
  symbol:   method getCheckOutDate()
  location: variable request of type com.example.demo.Booking.dtoBooking.Booking.CreateBookingRequest
[ERROR] /C:/Users/tonyq/HotelBookingSystem/demo/src/main/java/com/example/demo/Booking/servicesBooking/BookingService.java:[80,20] cannot find symbol
  symbol:   method getNumberOfGuests()
  location: variable request of type com.example.demo.Booking.dtoBooking.Booking.CreateBookingRequest
[ERROR] /C:/Users/tonyq/HotelBookingSystem/demo/src/main/java/com/example/demo/Booking/servicesBooking/BookingService.java:[80,47] cannot find symbol
  symbol:   method getCapacity()
  location: variable room of type com.example.demo.catalog.entity.Room
[ERROR] /C:/Users/tonyq/HotelBookingSystem/demo/src/main/java/com/example/demo/Booking/servicesBooking/BookingService.java:[84,16] cannot find symbol
  symbol:   method getCheckInDate()
  location: variable request of type com.example.demo.Booking.dtoBooking.Booking.CreateBookingRequest
[ERROR] /C:/Users/tonyq/HotelBookingSystem/demo/src/main/java/com/example/demo/Booking/servicesBooking/BookingService.java:[85,16] cannot find symbol
  symbol:   method getCheckInTime()
  location: variable request of type com.example.demo.Booking.dtoBooking.Booking.CreateBookingRequest
[ERROR] /C:/Users/tonyq/HotelBookingSystem/demo/src/main/java/com/example/demo/Booking/servicesBooking/BookingService.java:[89,16] cannot find symbol
  symbol:   method getCheckOutDate()
  location: variable request of type com.example.demo.Booking.dtoBooking.Booking.CreateBookingRequest
[ERROR] /C:/Users/tonyq/HotelBookingSystem/demo/src/main/java/com/example/demo/Booking/servicesBooking/BookingService.java:[90,16] cannot find symbol
  symbol:   method getCheckOutTime()
  location: variable request of type com.example.demo.Booking.dtoBooking.Booking.CreateBookingRequest
[ERROR] /C:/Users/tonyq/HotelBookingSystem/demo/src/main/java/com/example/demo/Booking/servicesBooking/BookingService.java:[94,21] cannot find symbol
  symbol:   method getId()
  location: variable room of type com.example.demo.catalog.entity.Room
[ERROR] /C:/Users/tonyq/HotelBookingSystem/demo/src/main/java/com/example/demo/Booking/servicesBooking/BookingService.java:[107,21] cannot find symbol
  symbol:   method getBasePrice()
  location: variable room of type com.example.demo.catalog.entity.Room
[ERROR] /C:/Users/tonyq/HotelBookingSystem/demo/src/main/java/com/example/demo/Booking/servicesBooking/BookingService.java:[110,24] cannot find symbol
  symbol:   method getCouponCode()
  location: variable request of type com.example.demo.Booking.dtoBooking.Booking.CreateBookingRequest
[ERROR] /C:/Users/tonyq/HotelBookingSystem/demo/src/main/java/com/example/demo/Booking/servicesBooking/BookingService.java:[113,34] cannot find symbol
  symbol:   method builder()
  location: class com.example.demo.Booking.entityBooking.Booking
[ERROR] /C:/Users/tonyq/HotelBookingSystem/demo/src/main/java/com/example/demo/Booking/servicesBooking/BookingService.java:[115,28] cannot find symbol
  symbol:   method getHotel()
  location: variable room of type com.example.demo.catalog.entity.Room
[ERROR] /C:/Users/tonyq/HotelBookingSystem/demo/src/main/java/com/example/demo/Booking/servicesBooking/BookingService.java:[117,40] cannot find symbol
  symbol:   method getNumberOfGuests()
  location: variable request of type com.example.demo.Booking.dtoBooking.Booking.CreateBookingRequest
[ERROR] /C:/Users/tonyq/HotelBookingSystem/demo/src/main/java/com/example/demo/Booking/servicesBooking/BookingService.java:[127,9] cannot find symbol
  symbol:   variable log
  location: class com.example.demo.Booking.servicesBooking.BookingService
[ERROR] /C:/Users/tonyq/HotelBookingSystem/demo/src/main/java/com/example/demo/Booking/servicesBooking/BookingService.java:[127,47] cannot find symbol
  symbol:   method getId()
  location: variable booking of type com.example.demo.Booking.entityBooking.Booking
[ERROR] /C:/Users/tonyq/HotelBookingSystem/demo/src/main/java/com/example/demo/Booking/servicesBooking/BookingService.java:[141,20] cannot find symbol
  symbol:   method getStatus()
  location: variable booking of type com.example.demo.Booking.entityBooking.Booking
[ERROR] /C:/Users/tonyq/HotelBookingSystem/demo/src/main/java/com/example/demo/Booking/servicesBooking/BookingService.java:[153,20] cannot find symbol
  symbol:   method getAmount()
  location: variable request of type com.example.demo.Booking.dtoBooking.Booking.PayBookingRequest
[INFO] 100 errors 
[INFO] -------------------------------------------------------------
[INFO] ------------------------------------------------------------------------
[INFO] BUILD FAILURE
[INFO] ------------------------------------------------------------------------
[INFO] Total time:  23.880 s
[INFO] Finished at: 2026-05-06T21:02:19+03:00
[INFO] ------------------------------------------------------------------------
[ERROR] Failed to execute goal org.apache.maven.plugins:maven-compiler-plugin:3.14.1:compile (default-compile) on project demo: Compilation failure: Compilation failure: 
[ERROR] /C:/Users/tonyq/HotelBookingSystem/demo/src/main/java/com/example/demo/catalog/controller/HotelController.java:[464,5] org.springframework.security.access.prepost.PreAuthorize is not a repeatable annotation interface
[ERROR] /C:/Users/tonyq/HotelBookingSystem/demo/src/main/java/com/example/demo/catalog/controller/HotelController.java:[465,9] io.swagger.v3.oas.annotations.Operation is not a repeatable annotation interface
[ERROR] /C:/Users/tonyq/HotelBookingSystem/demo/src/main/java/com/example/demo/catalog/controller/HotelController.java:[467,9] io.swagger.v3.oas.annotations.responses.ApiResponses is not a repeatable annotation interface
[ERROR] /C:/Users/tonyq/HotelBookingSystem/demo/src/main/java/com/example/demo/Booking/bookingMapper/BookingMapper.java:[22,67] cannot find symbol
[ERROR]   symbol:   method getCheckInDate()
[ERROR]   location: variable b of type com.example.demo.Booking.entityBooking.Booking
[ERROR] /C:/Users/tonyq/HotelBookingSystem/demo/src/main/java/com/example/demo/Booking/bookingMapper/BookingMapper.java:[27,18] cannot find symbol
[ERROR]   symbol:   method getId()
[ERROR]   location: variable b of type com.example.demo.Booking.entityBooking.Booking
[ERROR] /C:/Users/tonyq/HotelBookingSystem/demo/src/main/java/com/example/demo/Booking/bookingMapper/BookingMapper.java:[28,23] cannot find symbol
[ERROR]   symbol:   method getGuest()
[ERROR]   location: variable b of type com.example.demo.Booking.entityBooking.Booking
[ERROR] /C:/Users/tonyq/HotelBookingSystem/demo/src/main/java/com/example/demo/Booking/bookingMapper/BookingMapper.java:[29,25] cannot find symbol
[ERROR]   symbol:   method getGuest()
[ERROR]   location: variable b of type com.example.demo.Booking.entityBooking.Booking
[ERROR] /C:/Users/tonyq/HotelBookingSystem/demo/src/main/java/com/example/demo/Booking/bookingMapper/BookingMapper.java:[30,26] cannot find symbol
[ERROR]   symbol:   method getGuest()
[ERROR]   location: variable b of type com.example.demo.Booking.entityBooking.Booking
[ERROR] /C:/Users/tonyq/HotelBookingSystem/demo/src/main/java/com/example/demo/Booking/bookingMapper/BookingMapper.java:[33,23] cannot find symbol
[ERROR]   symbol:   method getHotel()
[ERROR]   location: variable b of type com.example.demo.Booking.entityBooking.Booking
[ERROR] /C:/Users/tonyq/HotelBookingSystem/demo/src/main/java/com/example/demo/Booking/bookingMapper/BookingMapper.java:[34,25] cannot find symbol
[ERROR]   symbol:   method getHotel()
[ERROR]   location: variable b of type com.example.demo.Booking.entityBooking.Booking
[ERROR] /C:/Users/tonyq/HotelBookingSystem/demo/src/main/java/com/example/demo/Booking/bookingMapper/BookingMapper.java:[35,25] cannot find symbol
[ERROR]   symbol:   method getHotel()
[ERROR]   location: variable b of type com.example.demo.Booking.entityBooking.Booking
[ERROR] /C:/Users/tonyq/HotelBookingSystem/demo/src/main/java/com/example/demo/Booking/bookingMapper/BookingMapper.java:[36,28] cannot find symbol
[ERROR]   symbol:   method getHotel()
[ERROR]   location: variable b of type com.example.demo.Booking.entityBooking.Booking
[ERROR] /C:/Users/tonyq/HotelBookingSystem/demo/src/main/java/com/example/demo/Booking/bookingMapper/BookingMapper.java:[37,28] cannot find symbol
[ERROR]   symbol:   method getHotel()
[ERROR]   location: variable b of type com.example.demo.Booking.entityBooking.Booking
[ERROR] /C:/Users/tonyq/HotelBookingSystem/demo/src/main/java/com/example/demo/Booking/bookingMapper/BookingMapper.java:[40,22] cannot find symbol
[ERROR]   symbol:   method getRoom()
[ERROR]   location: variable b of type com.example.demo.Booking.entityBooking.Booking
[ERROR] /C:/Users/tonyq/HotelBookingSystem/demo/src/main/java/com/example/demo/Booking/bookingMapper/BookingMapper.java:[41,24] cannot find symbol
[ERROR]   symbol:   method getRoom()
[ERROR]   location: variable b of type com.example.demo.Booking.entityBooking.Booking
[ERROR] /C:/Users/tonyq/HotelBookingSystem/demo/src/main/java/com/example/demo/Booking/bookingMapper/BookingMapper.java:[42,28] cannot find symbol
[ERROR]   symbol:   method getRoom()
[ERROR]   location: variable b of type com.example.demo.Booking.entityBooking.Booking
[ERROR] /C:/Users/tonyq/HotelBookingSystem/demo/src/main/java/com/example/demo/Booking/bookingMapper/BookingMapper.java:[45,30] cannot find symbol
[ERROR]   symbol:   method getNumberOfGuests()
[ERROR]   location: variable b of type com.example.demo.Booking.entityBooking.Booking
[ERROR] /C:/Users/tonyq/HotelBookingSystem/demo/src/main/java/com/example/demo/Booking/bookingMapper/BookingMapper.java:[46,27] cannot find symbol
[ERROR]   symbol:   method getCheckInDate()
[ERROR]   location: variable b of type com.example.demo.Booking.entityBooking.Booking
[ERROR] /C:/Users/tonyq/HotelBookingSystem/demo/src/main/java/com/example/demo/Booking/bookingMapper/BookingMapper.java:[47,28] cannot find symbol
[ERROR]   symbol:   method getCheckOutDate()
[ERROR]   location: variable b of type com.example.demo.Booking.entityBooking.Booking
[ERROR] /C:/Users/tonyq/HotelBookingSystem/demo/src/main/java/com/example/demo/Booking/bookingMapper/BookingMapper.java:[48,10] cannot find symbol
[ERROR]   symbol:   method setNights(long)
[ERROR]   location: variable r of type com.example.demo.Booking.dtoBooking.Booking.BookingResponse
[ERROR] /C:/Users/tonyq/HotelBookingSystem/demo/src/main/java/com/example/demo/Booking/bookingMapper/BookingMapper.java:[51,27] cannot find symbol
[ERROR]   symbol:   method getTotalAmount()
[ERROR]   location: variable b of type com.example.demo.Booking.entityBooking.Booking
[ERROR] /C:/Users/tonyq/HotelBookingSystem/demo/src/main/java/com/example/demo/Booking/bookingMapper/BookingMapper.java:[53,18] cannot find symbol
[ERROR]   symbol:   method getTotalAmount()
[ERROR]   location: variable b of type com.example.demo.Booking.entityBooking.Booking
[ERROR] /C:/Users/tonyq/HotelBookingSystem/demo/src/main/java/com/example/demo/Booking/bookingMapper/BookingMapper.java:[60,22] cannot find symbol
[ERROR]   symbol:   method getStatus()
[ERROR]   location: variable b of type com.example.demo.Booking.entityBooking.Booking
[ERROR] /C:/Users/tonyq/HotelBookingSystem/demo/src/main/java/com/example/demo/Booking/bookingMapper/BookingMapper.java:[61,34] cannot find symbol
[ERROR]   symbol:   method getCancellationReason()
[ERROR]   location: variable b of type com.example.demo.Booking.entityBooking.Booking
[ERROR] /C:/Users/tonyq/HotelBookingSystem/demo/src/main/java/com/example/demo/Booking/bookingMapper/BookingMapper.java:[64,26] cannot find symbol
[ERROR]   symbol:   method getAmountPaid()
[ERROR]   location: variable b of type com.example.demo.Booking.entityBooking.Booking
[ERROR] /C:/Users/tonyq/HotelBookingSystem/demo/src/main/java/com/example/demo/Booking/bookingMapper/BookingMapper.java:[65,10] cannot find symbol
[ERROR]   symbol:   method setRemainingBalance(java.math.BigDecimal)
[ERROR]   location: variable r of type com.example.demo.Booking.dtoBooking.Booking.BookingResponse
[ERROR] /C:/Users/tonyq/HotelBookingSystem/demo/src/main/java/com/example/demo/Booking/bookingMapper/BookingMapper.java:[66,10] cannot find symbol
[ERROR]   symbol:   method setMinimumRequiredPayment(java.math.BigDecimal)
[ERROR]   location: variable r of type com.example.demo.Booking.dtoBooking.Booking.BookingResponse
[ERROR] /C:/Users/tonyq/HotelBookingSystem/demo/src/main/java/com/example/demo/Booking/bookingMapper/BookingMapper.java:[67,31] cannot find symbol
[ERROR]   symbol:   method getPaymentDeadline()
[ERROR]   location: variable b of type com.example.demo.Booking.entityBooking.Booking
[ERROR] /C:/Users/tonyq/HotelBookingSystem/demo/src/main/java/com/example/demo/Booking/bookingMapper/BookingMapper.java:[70,10] cannot find symbol
[ERROR]   symbol:   method setRefundPolicy(java.lang.String)
[ERROR]   location: variable r of type com.example.demo.Booking.dtoBooking.Booking.BookingResponse
[ERROR] /C:/Users/tonyq/HotelBookingSystem/demo/src/main/java/com/example/demo/Booking/bookingMapper/BookingMapper.java:[71,10] cannot find symbol
[ERROR]   symbol:   method setRefundPercentage(int)
[ERROR]   location: variable r of type com.example.demo.Booking.dtoBooking.Booking.BookingResponse
[ERROR] /C:/Users/tonyq/HotelBookingSystem/demo/src/main/java/com/example/demo/Booking/bookingMapper/BookingMapper.java:[73,25] cannot find symbol
[ERROR]   symbol:   method getCreatedAt()
[ERROR]   location: variable b of type com.example.demo.Booking.entityBooking.Booking
[ERROR] /C:/Users/tonyq/HotelBookingSystem/demo/src/main/java/com/example/demo/Booking/bookingMapper/BookingMapper.java:[74,25] cannot find symbol
[ERROR]   symbol:   method getUpdatedAt()
[ERROR]   location: variable b of type com.example.demo.Booking.entityBooking.Booking
[ERROR] /C:/Users/tonyq/HotelBookingSystem/demo/src/main/java/com/example/demo/Booking/bookingMapper/BookingMapper.java:[83,18] cannot find symbol
[ERROR]   symbol:   method getId()
[ERROR]   location: variable b of type com.example.demo.Booking.entityBooking.Booking
[ERROR] /C:/Users/tonyq/HotelBookingSystem/demo/src/main/java/com/example/demo/Booking/bookingMapper/BookingMapper.java:[84,25] cannot find symbol
[ERROR]   symbol:   method getGuest()
[ERROR]   location: variable b of type com.example.demo.Booking.entityBooking.Booking
[ERROR] /C:/Users/tonyq/HotelBookingSystem/demo/src/main/java/com/example/demo/Booking/bookingMapper/BookingMapper.java:[87,25] cannot find symbol
[ERROR]   symbol:   method getHotel()
[ERROR]   location: variable b of type com.example.demo.Booking.entityBooking.Booking
[ERROR] /C:/Users/tonyq/HotelBookingSystem/demo/src/main/java/com/example/demo/Booking/bookingMapper/BookingMapper.java:[88,25] cannot find symbol
[ERROR]   symbol:   method getHotel()
[ERROR]   location: variable b of type com.example.demo.Booking.entityBooking.Booking
[ERROR] /C:/Users/tonyq/HotelBookingSystem/demo/src/main/java/com/example/demo/Booking/bookingMapper/BookingMapper.java:[89,28] cannot find symbol
[ERROR]   symbol:   method getHotel()
[ERROR]   location: variable b of type com.example.demo.Booking.entityBooking.Booking
[ERROR] /C:/Users/tonyq/HotelBookingSystem/demo/src/main/java/com/example/demo/Booking/bookingMapper/BookingMapper.java:[92,24] cannot find symbol
[ERROR]   symbol:   method getRoom()
[ERROR]   location: variable b of type com.example.demo.Booking.entityBooking.Booking
[ERROR] /C:/Users/tonyq/HotelBookingSystem/demo/src/main/java/com/example/demo/Booking/bookingMapper/BookingMapper.java:[93,30] cannot find symbol
[ERROR]   symbol:   method getNumberOfGuests()
[ERROR]   location: variable b of type com.example.demo.Booking.entityBooking.Booking
[ERROR] /C:/Users/tonyq/HotelBookingSystem/demo/src/main/java/com/example/demo/Booking/bookingMapper/BookingMapper.java:[96,27] cannot find symbol
[ERROR]   symbol:   method getCheckInDate()
[ERROR]   location: variable b of type com.example.demo.Booking.entityBooking.Booking
[ERROR] /C:/Users/tonyq/HotelBookingSystem/demo/src/main/java/com/example/demo/Booking/bookingMapper/BookingMapper.java:[97,28] cannot find symbol
[ERROR]   symbol:   method getCheckOutDate()
[ERROR]   location: variable b of type com.example.demo.Booking.entityBooking.Booking
[ERROR] /C:/Users/tonyq/HotelBookingSystem/demo/src/main/java/com/example/demo/Booking/bookingMapper/BookingMapper.java:[98,10] cannot find symbol
[ERROR]   symbol:   method setNights(long)
[ERROR]   location: variable s of type com.example.demo.Booking.dtoBooking.Booking.BookingSummary
[ERROR] /C:/Users/tonyq/HotelBookingSystem/demo/src/main/java/com/example/demo/Booking/bookingMapper/BookingMapper.java:[99,27] cannot find symbol
[ERROR]   symbol:   method getTotalAmount()
[ERROR]   location: variable b of type com.example.demo.Booking.entityBooking.Booking
[ERROR] /C:/Users/tonyq/HotelBookingSystem/demo/src/main/java/com/example/demo/Booking/bookingMapper/BookingMapper.java:[100,26] cannot find symbol
[ERROR]   symbol:   method getAmountPaid()
[ERROR]   location: variable b of type com.example.demo.Booking.entityBooking.Booking
[ERROR] /C:/Users/tonyq/HotelBookingSystem/demo/src/main/java/com/example/demo/Booking/bookingMapper/BookingMapper.java:[101,10] cannot find symbol
[ERROR]   symbol:   method setRemainingBalance(java.math.BigDecimal)
[ERROR]   location: variable s of type com.example.demo.Booking.dtoBooking.Booking.BookingSummary
[ERROR] /C:/Users/tonyq/HotelBookingSystem/demo/src/main/java/com/example/demo/Booking/bookingMapper/BookingMapper.java:[102,22] cannot find symbol
[ERROR]   symbol:   method getStatus()
[ERROR]   location: variable b of type com.example.demo.Booking.entityBooking.Booking
[ERROR] /C:/Users/tonyq/HotelBookingSystem/demo/src/main/java/com/example/demo/Booking/bookingMapper/BookingMapper.java:[103,31] cannot find symbol
[ERROR]   symbol:   method getPaymentDeadline()
[ERROR]   location: variable b of type com.example.demo.Booking.entityBooking.Booking
[ERROR] /C:/Users/tonyq/HotelBookingSystem/demo/src/main/java/com/example/demo/Booking/bookingMapper/BookingMapper.java:[104,25] cannot find symbol
[ERROR]   symbol:   method getCreatedAt()
[ERROR]   location: variable b of type com.example.demo.Booking.entityBooking.Booking
[ERROR] /C:/Users/tonyq/HotelBookingSystem/demo/src/main/java/com/example/demo/Booking/servicesBooking/PricingService.java:[51,25] cannot find symbol
[ERROR]   symbol:   method getType()
[ERROR]   location: variable rule of type com.example.demo.Booking.entityBooking.PricingRule
[ERROR] /C:/Users/tonyq/HotelBookingSystem/demo/src/main/java/com/example/demo/Booking/servicesBooking/PricingService.java:[53,84] cannot find symbol
[ERROR]   symbol:   method getMonths()
[ERROR]   location: variable rule of type com.example.demo.Booking.entityBooking.PricingRule
[ERROR] /C:/Users/tonyq/HotelBookingSystem/demo/src/main/java/com/example/demo/Booking/servicesBooking/PricingService.java:[55,74] cannot find symbol
[ERROR]   symbol:   method getMonths()
[ERROR]   location: variable rule of type com.example.demo.Booking.entityBooking.PricingRule
[ERROR] /C:/Users/tonyq/HotelBookingSystem/demo/src/main/java/com/example/demo/Booking/servicesBooking/PricingService.java:[56,29] cannot find symbol
[ERROR]   symbol:   method getMonths()
[ERROR]   location: variable rule of type com.example.demo.Booking.entityBooking.PricingRule
[ERROR] /C:/Users/tonyq/HotelBookingSystem/demo/src/main/java/com/example/demo/Booking/servicesBooking/PricingService.java:[57,62] cannot find symbol
[ERROR]   symbol:   method getMultiplier()
[ERROR]   location: variable rule of type com.example.demo.Booking.entityBooking.PricingRule
[ERROR] /C:/Users/tonyq/HotelBookingSystem/demo/src/main/java/com/example/demo/Booking/servicesBooking/PricingService.java:[61,25] cannot find symbol
[ERROR]   symbol:   method getType()
[ERROR]   location: variable rule of type com.example.demo.Booking.entityBooking.PricingRule
[ERROR] /C:/Users/tonyq/HotelBookingSystem/demo/src/main/java/com/example/demo/Booking/servicesBooking/PricingService.java:[63,79] cannot find symbol
[ERROR]   symbol:   method getDays()
[ERROR]   location: variable rule of type com.example.demo.Booking.entityBooking.PricingRule
[ERROR] /C:/Users/tonyq/HotelBookingSystem/demo/src/main/java/com/example/demo/Booking/servicesBooking/PricingService.java:[66,70] cannot find symbol
[ERROR]   symbol:   method getDays()
[ERROR]   location: variable rule of type com.example.demo.Booking.entityBooking.PricingRule
[ERROR] /C:/Users/tonyq/HotelBookingSystem/demo/src/main/java/com/example/demo/Booking/servicesBooking/PricingService.java:[67,29] cannot find symbol
[ERROR]   symbol:   method getDays()
[ERROR]   location: variable rule of type com.example.demo.Booking.entityBooking.PricingRule
[ERROR] /C:/Users/tonyq/HotelBookingSystem/demo/src/main/java/com/example/demo/Booking/servicesBooking/PricingService.java:[68,62] cannot find symbol
[ERROR]   symbol:   method getMultiplier()
[ERROR]   location: variable rule of type com.example.demo.Booking.entityBooking.PricingRule
[ERROR] /C:/Users/tonyq/HotelBookingSystem/demo/src/main/java/com/example/demo/auth/entity/HotelRole.java:[38,19] cannot find symbol
[ERROR]   symbol:   method getHotelRoles()
[ERROR]   location: variable permission of type com.example.demo.auth.entity.HotelPermission
[ERROR] /C:/Users/tonyq/HotelBookingSystem/demo/src/main/java/com/example/demo/auth/entity/Role.java:[54,23] cannot find symbol
[ERROR]   symbol:   method getRoles()
[ERROR]   location: variable permission of type com.example.demo.auth.entity.Permission
[ERROR] /C:/Users/tonyq/HotelBookingSystem/demo/src/main/java/com/example/demo/auth/entity/Role.java:[61,19] cannot find symbol
[ERROR]   symbol:   method getRoles()
[ERROR]   location: variable permission of type com.example.demo.auth.entity.Permission
[ERROR] /C:/Users/tonyq/HotelBookingSystem/demo/src/main/java/com/example/demo/Booking/bookingMapper/PricingRuleMapper.java:[18,21] cannot find symbol
[ERROR]   symbol:   method getId()
[ERROR]   location: variable rule of type com.example.demo.Booking.entityBooking.PricingRule
[ERROR] /C:/Users/tonyq/HotelBookingSystem/demo/src/main/java/com/example/demo/Booking/bookingMapper/PricingRuleMapper.java:[19,21] cannot find symbol
[ERROR]   symbol:   method getType()
[ERROR]   location: variable rule of type com.example.demo.Booking.entityBooking.PricingRule
[ERROR] /C:/Users/tonyq/HotelBookingSystem/demo/src/main/java/com/example/demo/Booking/bookingMapper/PricingRuleMapper.java:[20,21] cannot find symbol
[ERROR]   symbol:   method getName()
[ERROR]   location: variable rule of type com.example.demo.Booking.entityBooking.PricingRule
[ERROR] /C:/Users/tonyq/HotelBookingSystem/demo/src/main/java/com/example/demo/Booking/bookingMapper/PricingRuleMapper.java:[21,21] cannot find symbol
[ERROR]   symbol:   method getMultiplier()
[ERROR]   location: variable rule of type com.example.demo.Booking.entityBooking.PricingRule
[ERROR] /C:/Users/tonyq/HotelBookingSystem/demo/src/main/java/com/example/demo/Booking/controllerBooking/BookingController.java:[155,15] cannot find symbol
[ERROR]   symbol:   method setStatus(com.example.demo.Booking.entityBooking.BookingStatus)
[ERROR]   location: variable filter of type com.example.demo.Booking.filterBooking.BookingFilterRequest
[ERROR] /C:/Users/tonyq/HotelBookingSystem/demo/src/main/java/com/example/demo/Booking/controllerBooking/BookingController.java:[156,15] cannot find symbol
[ERROR]   symbol:   method setGuestId(java.lang.Long)
[ERROR]   location: variable filter of type com.example.demo.Booking.filterBooking.BookingFilterRequest
[ERROR] /C:/Users/tonyq/HotelBookingSystem/demo/src/main/java/com/example/demo/Booking/controllerBooking/BookingController.java:[157,15] cannot find symbol
[ERROR]   symbol:   method setHotelId(java.lang.Long)
[ERROR]   location: variable filter of type com.example.demo.Booking.filterBooking.BookingFilterRequest
[ERROR] /C:/Users/tonyq/HotelBookingSystem/demo/src/main/java/com/example/demo/Booking/controllerBooking/BookingController.java:[158,15] cannot find symbol
[ERROR]   symbol:   method setRoomId(java.lang.Long)
[ERROR]   location: variable filter of type com.example.demo.Booking.filterBooking.BookingFilterRequest
[ERROR] /C:/Users/tonyq/HotelBookingSystem/demo/src/main/java/com/example/demo/Booking/controllerBooking/BookingController.java:[159,15] cannot find symbol
[ERROR]   symbol:   method setCheckInFrom(java.time.LocalDate)
[ERROR]   location: variable filter of type com.example.demo.Booking.filterBooking.BookingFilterRequest
[ERROR] /C:/Users/tonyq/HotelBookingSystem/demo/src/main/java/com/example/demo/Booking/controllerBooking/BookingController.java:[160,15] cannot find symbol
[ERROR]   symbol:   method setCheckInTo(java.time.LocalDate)
[ERROR]   location: variable filter of type com.example.demo.Booking.filterBooking.BookingFilterRequest
[ERROR] /C:/Users/tonyq/HotelBookingSystem/demo/src/main/java/com/example/demo/Booking/controllerBooking/BookingController.java:[161,15] cannot find symbol
[ERROR]   symbol:   method setCheckOutFrom(java.time.LocalDate)
[ERROR]   location: variable filter of type com.example.demo.Booking.filterBooking.BookingFilterRequest
[ERROR] /C:/Users/tonyq/HotelBookingSystem/demo/src/main/java/com/example/demo/Booking/controllerBooking/BookingController.java:[162,15] cannot find symbol
[ERROR]   symbol:   method setCheckOutTo(java.time.LocalDate)
[ERROR]   location: variable filter of type com.example.demo.Booking.filterBooking.BookingFilterRequest
[ERROR] /C:/Users/tonyq/HotelBookingSystem/demo/src/main/java/com/example/demo/Booking/controllerBooking/BookingController.java:[163,15] cannot find symbol
[ERROR]   symbol:   method setMinAmount(java.math.BigDecimal)
[ERROR]   location: variable filter of type com.example.demo.Booking.filterBooking.BookingFilterRequest
[ERROR] /C:/Users/tonyq/HotelBookingSystem/demo/src/main/java/com/example/demo/Booking/controllerBooking/BookingController.java:[164,15] cannot find symbol
[ERROR]   symbol:   method setMaxAmount(java.math.BigDecimal)
[ERROR]   location: variable filter of type com.example.demo.Booking.filterBooking.BookingFilterRequest
[ERROR] /C:/Users/tonyq/HotelBookingSystem/demo/src/main/java/com/example/demo/Booking/servicesBooking/BookingService.java:[66,9] cannot find symbol
[ERROR]   symbol:   variable log
[ERROR]   location: class com.example.demo.Booking.servicesBooking.BookingService
[ERROR] /C:/Users/tonyq/HotelBookingSystem/demo/src/main/java/com/example/demo/Booking/servicesBooking/BookingService.java:[66,66] cannot find symbol
[ERROR]   symbol:   method getGuestId()
[ERROR]   location: variable request of type com.example.demo.Booking.dtoBooking.Booking.CreateBookingRequest
[ERROR] /C:/Users/tonyq/HotelBookingSystem/demo/src/main/java/com/example/demo/Booking/servicesBooking/BookingService.java:[66,88] cannot find symbol
[ERROR]   symbol:   method getRoomId()
[ERROR]   location: variable request of type com.example.demo.Booking.dtoBooking.Booking.CreateBookingRequest
[ERROR] /C:/Users/tonyq/HotelBookingSystem/demo/src/main/java/com/example/demo/Booking/servicesBooking/BookingService.java:[68,61] cannot find symbol
[ERROR]   symbol:   method getGuestId()
[ERROR]   location: variable request of type com.example.demo.Booking.dtoBooking.Booking.CreateBookingRequest
[ERROR] /C:/Users/tonyq/HotelBookingSystem/demo/src/main/java/com/example/demo/Booking/servicesBooking/BookingService.java:[71,52] cannot find symbol
[ERROR]   symbol:   method getRoomId()
[ERROR]   location: variable request of type com.example.demo.Booking.dtoBooking.Booking.CreateBookingRequest
[ERROR] /C:/Users/tonyq/HotelBookingSystem/demo/src/main/java/com/example/demo/Booking/servicesBooking/BookingService.java:[74,38] cannot find symbol
[ERROR]   symbol:   method getIsActive()
[ERROR]   location: variable room of type com.example.demo.catalog.entity.Room
[ERROR] /C:/Users/tonyq/HotelBookingSystem/demo/src/main/java/com/example/demo/Booking/servicesBooking/BookingService.java:[74,82] cannot find symbol
[ERROR]   symbol:   method getHotel()
[ERROR]   location: variable room of type com.example.demo.catalog.entity.Room
[ERROR] /C:/Users/tonyq/HotelBookingSystem/demo/src/main/java/com/example/demo/Booking/servicesBooking/BookingService.java:[78,30] cannot find symbol
[ERROR]   symbol:   method getCheckInDate()
[ERROR]   location: variable request of type com.example.demo.Booking.dtoBooking.Booking.CreateBookingRequest
[ERROR] /C:/Users/tonyq/HotelBookingSystem/demo/src/main/java/com/example/demo/Booking/servicesBooking/BookingService.java:[78,56] cannot find symbol
[ERROR]   symbol:   method getCheckOutDate()
[ERROR]   location: variable request of type com.example.demo.Booking.dtoBooking.Booking.CreateBookingRequest
[ERROR] /C:/Users/tonyq/HotelBookingSystem/demo/src/main/java/com/example/demo/Booking/servicesBooking/BookingService.java:[80,20] cannot find symbol
[ERROR]   symbol:   method getNumberOfGuests()
[ERROR]   location: variable request of type com.example.demo.Booking.dtoBooking.Booking.CreateBookingRequest
[ERROR] /C:/Users/tonyq/HotelBookingSystem/demo/src/main/java/com/example/demo/Booking/servicesBooking/BookingService.java:[80,47] cannot find symbol
[ERROR]   symbol:   method getCapacity()
[ERROR]   location: variable room of type com.example.demo.catalog.entity.Room
[ERROR] /C:/Users/tonyq/HotelBookingSystem/demo/src/main/java/com/example/demo/Booking/servicesBooking/BookingService.java:[84,16] cannot find symbol
[ERROR]   symbol:   method getCheckInDate()
[ERROR]   location: variable request of type com.example.demo.Booking.dtoBooking.Booking.CreateBookingRequest
[ERROR] /C:/Users/tonyq/HotelBookingSystem/demo/src/main/java/com/example/demo/Booking/servicesBooking/BookingService.java:[85,16] cannot find symbol
[ERROR]   symbol:   method getCheckInTime()
[ERROR]   location: variable request of type com.example.demo.Booking.dtoBooking.Booking.CreateBookingRequest
[ERROR] /C:/Users/tonyq/HotelBookingSystem/demo/src/main/java/com/example/demo/Booking/servicesBooking/BookingService.java:[89,16] cannot find symbol
[ERROR]   symbol:   method getCheckOutDate()
[ERROR]   location: variable request of type com.example.demo.Booking.dtoBooking.Booking.CreateBookingRequest
[ERROR] /C:/Users/tonyq/HotelBookingSystem/demo/src/main/java/com/example/demo/Booking/servicesBooking/BookingService.java:[90,16] cannot find symbol
[ERROR]   symbol:   method getCheckOutTime()
[ERROR]   location: variable request of type com.example.demo.Booking.dtoBooking.Booking.CreateBookingRequest
[ERROR] /C:/Users/tonyq/HotelBookingSystem/demo/src/main/java/com/example/demo/Booking/servicesBooking/BookingService.java:[94,21] cannot find symbol
[ERROR]   symbol:   method getId()
[ERROR]   location: variable room of type com.example.demo.catalog.entity.Room
[ERROR] /C:/Users/tonyq/HotelBookingSystem/demo/src/main/java/com/example/demo/Booking/servicesBooking/BookingService.java:[107,21] cannot find symbol
[ERROR]   symbol:   method getBasePrice()
[ERROR]   location: variable room of type com.example.demo.catalog.entity.Room
[ERROR] /C:/Users/tonyq/HotelBookingSystem/demo/src/main/java/com/example/demo/Booking/servicesBooking/BookingService.java:[110,24] cannot find symbol
[ERROR]   symbol:   method getCouponCode()
[ERROR]   location: variable request of type com.example.demo.Booking.dtoBooking.Booking.CreateBookingRequest
[ERROR] /C:/Users/tonyq/HotelBookingSystem/demo/src/main/java/com/example/demo/Booking/servicesBooking/BookingService.java:[113,34] cannot find symbol
[ERROR]   symbol:   method builder()
[ERROR]   location: class com.example.demo.Booking.entityBooking.Booking
[ERROR] /C:/Users/tonyq/HotelBookingSystem/demo/src/main/java/com/example/demo/Booking/servicesBooking/BookingService.java:[115,28] cannot find symbol
[ERROR]   symbol:   method getHotel()
[ERROR]   location: variable room of type com.example.demo.catalog.entity.Room
[ERROR] /C:/Users/tonyq/HotelBookingSystem/demo/src/main/java/com/example/demo/Booking/servicesBooking/BookingService.java:[117,40] cannot find symbol
[ERROR]   symbol:   method getNumberOfGuests()
[ERROR]   location: variable request of type com.example.demo.Booking.dtoBooking.Booking.CreateBookingRequest
[ERROR] /C:/Users/tonyq/HotelBookingSystem/demo/src/main/java/com/example/demo/Booking/servicesBooking/BookingService.java:[127,9] cannot find symbol
[ERROR]   symbol:   variable log
[ERROR]   location: class com.example.demo.Booking.servicesBooking.BookingService
[ERROR] /C:/Users/tonyq/HotelBookingSystem/demo/src/main/java/com/example/demo/Booking/servicesBooking/BookingService.java:[127,47] cannot find symbol
[ERROR]   symbol:   method getId()
[ERROR]   location: variable booking of type com.example.demo.Booking.entityBooking.Booking
[ERROR] /C:/Users/tonyq/HotelBookingSystem/demo/src/main/java/com/example/demo/Booking/servicesBooking/BookingService.java:[141,20] cannot find symbol
[ERROR]   symbol:   method getStatus()
[ERROR]   location: variable booking of type com.example.demo.Booking.entityBooking.Booking
[ERROR] /C:/Users/tonyq/HotelBookingSystem/demo/src/main/java/com/example/demo/Booking/servicesBooking/BookingService.java:[153,20] cannot find symbol
[ERROR]   symbol:   method getAmount()
[ERROR]   location: variable request of type com.example.demo.Booking.dtoBooking.Booking.PayBookingRequest
[ERROR] -> [Help 1]
[ERROR] 
[ERROR] To see the full stack trace of the errors, re-run Maven with the -e switch.
[ERROR] Re-run Maven using the -X switch to enable full debug logging.
[ERROR] 
[ERROR] For more information about the errors and possible solutions, please read the following articles:
[ERROR] [Help 1] http://cwiki.apache.org/confluence/display/MAVEN/MojoFailureException
